Microchip MPLAB XC8 Compiler V2.00 ()

Linker command line:

-W-3 --edf=C:\Program Files (x86)\Microchip\xc8\v2.00\pic\dat\en_msgs.txt \
  -cs -h+dist/default/production\ServoControllerFirmware.X.production.sym \
  --cmf=dist/default/production\ServoControllerFirmware.X.production.cmf -z \
  -Q16F628A -oC:\Users\sleep\AppData\Local\Temp\sdck.2 \
  --defsym=__MPLAB_BUILD=1 \
  -Mdist/default/production/ServoControllerFirmware.X.production.map -E1 \
  -ver=XC8 --acfsm=1493 -ASTACK=0A0h-0efh -pstack=STACK -ACODE=00h-07FFh \
  -ASTRCODE=00h-07FFh -ASTRING=00h-0FFhx8 -ACONST=00h-0FFhx8 \
  -AENTRY=00h-0FFhx8 -ACOMMON=070h-07Fh -ABANK0=020h-06Fh -ABANK1=0A0h-0EFh \
  -ABANK2=0120h-014Fh -ARAM=020h-06Fh,0A0h-0EFh,0120h-014Fh \
  -AABS1=020h-07Fh,0A0h-0EFh,0120h-014Fh -ASFR0=00h-01Fh -ASFR1=080h-09Fh \
  -ASFR2=0100h-011Fh -ASFR3=0180h-01EFh \
  -preset_vec=00h,intentry=04h,init,end_init -ppowerup=CODE -pcinit=CODE \
  -pfunctab=ENTRY -ACONFIG=02007h-02007h -pconfig=CONFIG -DCONFIG=2 \
  -AIDLOC=02000h-02003h -pidloc=IDLOC -DIDLOC=2 -AEEDATA=00h-07Fh/02100h \
  -peeprom_data=EEDATA -DEEDATA=2 -DCODE=2 -DSTRCODE=2 -DSTRING=2 -DCONST=2 \
  -DENTRY=2 -k C:\Users\sleep\AppData\Local\Temp\sdck.o \
  dist/default/production\ServoControllerFirmware.X.production.o 

Object code version is 3.11

Machine type is 16F628A



                Name                               Link     Load   Length Selector   Space Scale
C:\Users\sleep\AppData\Local\Temp\sdck.o
                end_init                              C        C        1        8       0
                reset_vec                             0        0        1        0       0
                config                             2007     2007        1     400E       0
dist/default/production\ServoControllerFirmware.X.production.o
                cinit                                 D        D       12        8       0
                intentry                              4        4        8        8       0
                text6                                1F       1F       AC        8       0
                text5                                FA       FA        F        8       0
                text4                                EB       EB        F        8       0
                text3                               114      114        9        8       0
                text2                                DB       DB       10        8       0
                text1                               109      109        B        8       0
                maintext                             CB       CB       10        8       0
                cstackBANK0                          23       23        1       20       1
                cstackCOMMON                         70       70        5       70       1
                dataBANK0                            22       22        1       20       1
                bssBANK0                             20       20        2       20       1
                dataCOMMON                           79       79        4       70       1
                bssCOMMON                            75       75        4       70       1
                idataBANK0                          121      121        1        8       0
                idataCOMMON                         11D      11D        4        8       0

TOTAL           Name                               Link     Load   Length     Space
        CLASS   STACK          

        CLASS   CODE           
                end_init                              C        C        1         0
                cinit                                 D        D       12         0
                intentry                              4        4        8         0
                reset_vec                             0        0        1         0
                text6                                1F       1F       AC         0
                text5                                FA       FA        F         0
                text4                                EB       EB        F         0
                text3                               114      114        9         0
                text2                                DB       DB       10         0
                text1                               109      109        B         0
                maintext                             CB       CB       10         0
                idataBANK0                          121      121        1         0
                idataCOMMON                         11D      11D        4         0

        CLASS   STRCODE        

        CLASS   STRING         

        CLASS   CONST          

        CLASS   ENTRY          

        CLASS   COMMON         
                cstackCOMMON                         70       70        5         1
                dataCOMMON                           79       79        4         1
                bssCOMMON                            75       75        4         1

        CLASS   BANK0          
                cstackBANK0                          23       23        1         1
                dataBANK0                            22       22        1         1
                bssBANK0                             20       20        2         1

        CLASS   BANK1          

        CLASS   BANK2          

        CLASS   RAM            

        CLASS   ABS1           
                abs_s1                               7E       7E        2         1

        CLASS   SFR0           

        CLASS   SFR1           

        CLASS   SFR2           

        CLASS   SFR3           

        CLASS   CONFIG         
                config                             2007     2007        1         0

        CLASS   IDLOC          

        CLASS   EEDATA         

        CLASS   BANK3          



SEGMENTS        Name                           Load    Length   Top    Selector   Space  Class     Delta

                reset_vec                      000000  000001  000001         0       0  CODE        2
                intentry                       000004  00011E  000122         8       0  CODE        2
                bssBANK0                       000020  000004  000024        20       1  BANK0       1
                cstackCOMMON                   000070  00000D  00007D        70       1  COMMON      1
                config                         002007  000001  002008      400E       0  CONFIG      2


UNUSED ADDRESS RANGES

        Name                Unused          Largest block    Delta
        BANK0            0024-006F             4C           1
        BANK1            00A0-00EF             50           1
        BANK2            0120-014F             30           1
        CODE             0001-0003              3           2
                         0122-07FF            6DE
        COMMON           007D-007D              1           1
        CONST            0001-0003              3           2
                         0122-07FF            100
        EEDATA           2100-217F             80           2
        ENTRY            0001-0003              3           2
                         0122-07FF            100
        IDLOC            2000-2003              4           2
        RAM              0024-006F             4C           1
                         00A0-00EF             50
                         0120-014F             30
        SFR0             0000-001F             20           1
        SFR1             0080-009F             20           1
        SFR2             0100-011F             20           1
        SFR3             0180-01EF             70           1
        STACK            00A0-00EF             50           1
        STRCODE          0001-0003              3           2
                         0122-07FF            6DE
        STRING           0001-0003              3           2
                         0122-07FF            100

                                  Symbol Table

_BRGH                            (abs)        04C2
_CREN                            (abs)        00C4
_FERR                            (abs)        00C2
_INTCONbits                      (abs)        000B
_OERR                            (abs)        00C1
_PEIE                            (abs)        005E
_PR2                             (abs)        0092
_RA0                             (abs)        0028
_RA1                             (abs)        0029
_RA2                             (abs)        002A
_RA3                             (abs)        002B
_RB0                             (abs)        0030
_RB5                             (abs)        0035
_RCIF                            (abs)        0065
_RCREG                           (abs)        001A
_SPBRG                           (abs)        0099
_SPEN                            (abs)        00C7
_T2CON                           (abs)        0012
_TMR2IE                          (abs)        0461
_TMR2IF                          (abs)        0061
_TMR2ON                          (abs)        0092
_TRISA0                          (abs)        0428
_TRISA1                          (abs)        0429
_TRISA2                          (abs)        042A
_TRISA3                          (abs)        042B
_TRISB0                          (abs)        0430
_TRISB1                          (abs)        0431
_TRISB3                          (abs)        0433
__CFG_BOREN$ON                   (abs)        0000
__CFG_CP$ON                      (abs)        0000
__CFG_CPD$ON                     (abs)        0000
__CFG_FOSC$HS                    (abs)        0000
__CFG_LVP$OFF                    (abs)        0000
__CFG_MCLRE$OFF                  (abs)        0000
__CFG_PWRTE$ON                   (abs)        0000
__CFG_WDTE$OFF                   (abs)        0000
__Habs1                          abs1         0000
__Hbank0                         bank0        0000
__Hbank1                         bank1        0000
__Hbank2                         bank2        0000
__Hbank3                         bank3        0000
__HbssBANK0                      bssBANK0     0000
__HbssCOMMON                     bssCOMMON    0000
__Hcinit                         cinit        001F
__Hclrtext                       clrtext      0000
__Hcode                          code         0000
__Hcommon                        common       0000
__Hconfig                        config       2008
__HcstackBANK0                   cstackBANK0  0000
__HcstackCOMMON                  cstackCOMMON 0000
__HdataBANK0                     dataBANK0    0000
__HdataCOMMON                    dataCOMMON   0000
__Heeprom_data                   eeprom_data  0000
__Hend_init                      end_init     000D
__Hfunctab                       functab      0000
__HidataBANK0                    idataBANK0   0000
__HidataCOMMON                   idataCOMMON  0000
__Hidloc                         idloc        0000
__Hinit                          init         000C
__Hintentry                      intentry     000C
__Hmaintext                      maintext     0000
__Hpowerup                       powerup      0000
__Hram                           ram          0000
__Hreset_vec                     reset_vec    0001
__Hsfr0                          sfr0         0000
__Hsfr1                          sfr1         0000
__Hsfr2                          sfr2         0000
__Hsfr3                          sfr3         0000
__Hspace_0                       (abs)        2008
__Hspace_1                       (abs)        007D
__Hspace_2                       (abs)        0000
__Hspace_3                       (abs)        0000
__Hstack                         stack        0000
__Hstrings                       strings      0000
__Htext                          text         0000
__Labs1                          abs1         0000
__Lbank0                         bank0        0000
__Lbank1                         bank1        0000
__Lbank2                         bank2        0000
__Lbank3                         bank3        0000
__LbssBANK0                      bssBANK0     0000
__LbssCOMMON                     bssCOMMON    0000
__Lcinit                         cinit        000D
__Lclrtext                       clrtext      0000
__Lcode                          code         0000
__Lcommon                        common       0000
__Lconfig                        config       2007
__LcstackBANK0                   cstackBANK0  0000
__LcstackCOMMON                  cstackCOMMON 0000
__LdataBANK0                     dataBANK0    0000
__LdataCOMMON                    dataCOMMON   0000
__Leeprom_data                   eeprom_data  0000
__Lend_init                      end_init     000C
__Lfunctab                       functab      0000
__LidataBANK0                    idataBANK0   0000
__LidataCOMMON                   idataCOMMON  0000
__Lidloc                         idloc        0000
__Linit                          init         000C
__Lintentry                      intentry     0004
__Lmaintext                      maintext     0000
__Lpowerup                       powerup      0000
__Lram                           ram          0000
__Lreset_vec                     reset_vec    0000
__Lsfr0                          sfr0         0000
__Lsfr1                          sfr1         0000
__Lsfr2                          sfr2         0000
__Lsfr3                          sfr3         0000
__Lspace_0                       (abs)        0000
__Lspace_1                       (abs)        0000
__Lspace_2                       (abs)        0000
__Lspace_3                       (abs)        0000
__Lstack                         stack        0000
__Lstrings                       strings      0000
__Ltext                          text         0000
__S0                             (abs)        2008
__S1                             (abs)        007D
__S2                             (abs)        0000
__S3                             (abs)        0000
___int_sp                        stack        0000
___latbits                       (abs)        0000
___sp                            stack        0000
__end_of__initialization         cinit        001D
__end_of_clearFramingError       text5        0109
__end_of_clearOverrunError       text4        00FA
__end_of_initServos              text3        011D
__end_of_initTMR2                text2        00EB
__end_of_initUSART               text1        0114
__end_of_isr                     text6        00CB
__end_of_main                    maintext     00DB
__initialization                 cinit        000D
__pbssBANK0                      bssBANK0     0020
__pbssCOMMON                     bssCOMMON    0075
__pcstackBANK0                   cstackBANK0  0023
__pcstackCOMMON                  cstackCOMMON 0070
__pdataBANK0                     dataBANK0    0022
__pdataCOMMON                    dataCOMMON   0079
__pidataBANK0                    idataBANK0   0121
__pidataCOMMON                   idataCOMMON  011D
__pintentry                      intentry     0004
__pmaintext                      maintext     00CB
__ptext1                         text1        0109
__ptext2                         text2        00DB
__ptext3                         text3        0114
__ptext4                         text4        00EB
__ptext5                         text5        00FA
__ptext6                         text6        001F
__size_of_clearFramingError      (abs)        0000
__size_of_clearOverrunError      (abs)        0000
__size_of_initServos             (abs)        0000
__size_of_initTMR2               (abs)        0000
__size_of_initUSART              (abs)        0000
__size_of_isr                    (abs)        0000
__size_of_main                   (abs)        0000
_clearFramingError               text5        00FA
_clearOverrunError               text4        00EB
_eyebrowSawtoothThreshold        dataCOMMON   007C
_eyelidsSawtoothThreshold        dataBANK0    0022
_initServos                      text3        0114
_initTMR2                        text2        00DB
_initUSART                       text1        0109
_isr                             text6        001F
_leftLipCornerSawtoothThreshold  dataCOMMON   007B
_lowerJawSawtoothThreshold       dataCOMMON   0079
_main                            maintext     00CB
_partMidiNote                    bssCOMMON    0078
_receiveCounter                  bssCOMMON    0076
_rightLipCornerSawtoothThreshold dataCOMMON   007A
_sawtoothCounter                 bssCOMMON    0075
_velocity                        bssCOMMON    0077
btemp                            (abs)        007E
clearFramingError@temp           bssBANK0     0020
clearOverrunError@temp           bssBANK0     0021
end_of_initialization            cinit        001D
interrupt_function               intentry     0004
intlevel0                        functab      0000
intlevel1                        functab      0000
intlevel2                        functab      0000
intlevel3                        functab      0000
intlevel4                        functab      0000
intlevel5                        functab      0000
reset_vec                        reset_vec    0000
saved_w                          (abs)        007E
stackhi                          (abs)        0000
stacklo                          (abs)        0000
start                            init         000C
start_initialization             cinit        000D
wtemp0                           (abs)        007E


FUNCTION INFORMATION:

 *************** function _main *****************
 Defined at:
		line 111 in file "ServoController.c"
 Parameters:    Size  Location     Type
		None
 Auto vars:     Size  Location     Type
		None
 Return value:  Size  Location     Type
                  1    wreg      void 
 Registers used:
		wreg, status,2, status,0, pclath, cstack
 Tracked objects:
		On entry : 
		On exit  : 
		Unchanged: 
 Data sizes:     COMMON   BANK0   BANK1   BANK2
      Params:         0       0       0       0
      Locals:         0       0       0       0
      Temps:          0       0       0       0
      Totals:         0       0       0       0
Total ram usage:        0 bytes
 Hardware stack levels required when called:    2
 This function calls:
		_clearFramingError
		_clearOverrunError
		_initServos
		_initTMR2
		_initUSART
 This function is called by:
		Startup code after reset
 This function uses a non-reentrant model


 *************** function _initUSART *****************
 Defined at:
		line 52 in file "./usart.h"
 Parameters:    Size  Location     Type
		None
 Auto vars:     Size  Location     Type
		None
 Return value:  Size  Location     Type
                  1    wreg      void 
 Registers used:
		wreg
 Tracked objects:
		On entry : 
		On exit  : 
		Unchanged: 
 Data sizes:     COMMON   BANK0   BANK1   BANK2
      Params:         0       0       0       0
      Locals:         0       0       0       0
      Temps:          0       0       0       0
      Totals:         0       0       0       0
Total ram usage:        0 bytes
 Hardware stack levels used:    1
 Hardware stack levels required when called:    1
 This function calls:
		Nothing
 This function is called by:
		_main
 This function uses a non-reentrant model


 *************** function _initTMR2 *****************
 Defined at:
		line 44 in file "./tmr2.h"
 Parameters:    Size  Location     Type
		None
 Auto vars:     Size  Location     Type
		None
 Return value:  Size  Location     Type
                  1    wreg      void 
 Registers used:
		wreg
 Tracked objects:
		On entry : 
		On exit  : 
		Unchanged: 
 Data sizes:     COMMON   BANK0   BANK1   BANK2
      Params:         0       0       0       0
      Locals:         0       0       0       0
      Temps:          0       0       0       0
      Totals:         0       0       0       0
Total ram usage:        0 bytes
 Hardware stack levels used:    1
 Hardware stack levels required when called:    1
 This function calls:
		Nothing
 This function is called by:
		_main
 This function uses a non-reentrant model


 *************** function _initServos *****************
 Defined at:
		line 98 in file "./ServoController.h"
 Parameters:    Size  Location     Type
		None
 Auto vars:     Size  Location     Type
		None
 Return value:  Size  Location     Type
                  1    wreg      void 
 Registers used:
		None
 Tracked objects:
		On entry : 
		On exit  : 
		Unchanged: 
 Data sizes:     COMMON   BANK0   BANK1   BANK2
      Params:         0       0       0       0
      Locals:         0       0       0       0
      Temps:          0       0       0       0
      Totals:         0       0       0       0
Total ram usage:        0 bytes
 Hardware stack levels used:    1
 Hardware stack levels required when called:    1
 This function calls:
		Nothing
 This function is called by:
		_main
 This function uses a non-reentrant model


 *************** function _clearOverrunError *****************
 Defined at:
		line 65 in file "./usart.h"
 Parameters:    Size  Location     Type
		None
 Auto vars:     Size  Location     Type
		None
 Return value:  Size  Location     Type
                  1    wreg      void 
 Registers used:
		wreg
 Tracked objects:
		On entry : 
		On exit  : 
		Unchanged: 
 Data sizes:     COMMON   BANK0   BANK1   BANK2
      Params:         0       0       0       0
      Locals:         0       0       0       0
      Temps:          0       1       0       0
      Totals:         0       1       0       0
Total ram usage:        1 bytes
 Hardware stack levels used:    1
 Hardware stack levels required when called:    1
 This function calls:
		Nothing
 This function is called by:
		_main
 This function uses a non-reentrant model


 *************** function _clearFramingError *****************
 Defined at:
		line 83 in file "./usart.h"
 Parameters:    Size  Location     Type
		None
 Auto vars:     Size  Location     Type
		None
 Return value:  Size  Location     Type
                  1    wreg      void 
 Registers used:
		wreg
 Tracked objects:
		On entry : 
		On exit  : 
		Unchanged: 
 Data sizes:     COMMON   BANK0   BANK1   BANK2
      Params:         0       0       0       0
      Locals:         0       0       0       0
      Temps:          0       1       0       0
      Totals:         0       1       0       0
Total ram usage:        1 bytes
 Hardware stack levels used:    1
 Hardware stack levels required when called:    1
 This function calls:
		Nothing
 This function is called by:
		_main
 This function uses a non-reentrant model


 *************** function _isr *****************
 Defined at:
		line 57 in file "ServoController.c"
 Parameters:    Size  Location     Type
		None
 Auto vars:     Size  Location     Type
		None
 Return value:  Size  Location     Type
                  1    wreg      void 
 Registers used:
		wreg, fsr0l, fsr0h, status,2, status,0
 Tracked objects:
		On entry : 
		On exit  : 
		Unchanged: 
 Data sizes:     COMMON   BANK0   BANK1   BANK2
      Params:         0       0       0       0
      Locals:         0       0       0       0
      Temps:          5       0       0       0
      Totals:         5       0       0       0
Total ram usage:        5 bytes
 Hardware stack levels used:    1
 This function calls:
		Nothing
 This function is called by:
		Interrupt level 1
 This function uses a non-reentrant model



MODULE INFORMATION

Module		Function		Class		Link	Load	Size
ServoController.c
		_main          		CODE           	00CB	0000	17
		_isr           		CODE           	001F	0000	173

ServoController.c estimated size: 190

shared
		__initialization		CODE           	000D	0000	17

shared estimated size: 17

./ServoController.h
		_initServos    		CODE           	0114	0000	10

./ServoController.h estimated size: 10

./tmr2.h
		_initTMR2      		CODE           	00DB	0000	17

./tmr2.h estimated size: 17

./usart.h
		_clearOverrunError		CODE           	00EB	0000	16
		_clearFramingError		CODE           	00FA	0000	16
		_initUSART     		CODE           	0109	0000	12

./usart.h estimated size: 44

