Microchip MPLAB XC8 Compiler V2.00 ()

Linker command line:

-W-3 --edf=C:\Program Files (x86)\Microchip\xc8\v2.00\pic\dat\en_msgs.txt \
  -cs -h+dist/default/production\Firmware.production.sym \
  --cmf=dist/default/production\Firmware.production.cmf -z -Q18F24K40 \
  -oC:\Users\sleep\AppData\Local\Temp\sdgg.2 --defsym=__MPLAB_BUILD=1 \
  -Mdist/default/production/Firmware.production.map -E1 -ver=XC8 \
  --acfsm=1493 -ASTACK=060h-03ffh -pstack=STACK -ACODE=00h-03FFFh \
  -ACONST=00h-03FFFh -ASMALLCONST=0400h-04FFhx60 -AMEDIUMCONST=0400h-03FFFh \
  -ACOMRAM=01h-05Fh -AABS1=00h-03FFh -ABIGRAM=01h-03FFh \
  -ARAM=060h-0FFh,0100h-01FFhx3 -ABANK0=060h-0FFh -ABANK1=0100h-01FFh \
  -ABANK2=0200h-02FFh -ABANK3=0300h-03FFh -ASFR=0EA0h-0EFFhx2,0F60h-0FFFh \
  -preset_vec=00h,intcode=08h,intcodelo,powerup,init -pramtop=0400h \
  -psmallconst=SMALLCONST -pmediumconst=MEDIUMCONST -pconst=CONST \
  -AFARRAM=00h-00h -ACONFIG=0300000h-030000Bh -pconfig=CONFIG \
  -AIDLOC=0200000h-020000Fh -pidloc=IDLOC -AEEDATA=0310000h-03100FFh \
  -peeprom_data=EEDATA \
  -prdata=COMRAM,nvrram=COMRAM,nvbit=COMRAM,rbss=COMRAM,rbit=COMRAM \
  -pfarbss=FARRAM,fardata=FARRAM,nvFARRAM=FARRAM \
  -pintsave_regs=BIGRAM,bigbss=BIGRAM,bigdata=BIGRAM -pbss=RAM \
  -pidata=CODE,irdata=CODE,ibigdata=CODE,ifardata=CODE -prparam=COMRAM \
  C:\Users\sleep\AppData\Local\Temp\sdgg.o \
  dist/default/production\Firmware.production.o 

Object code version is 3.11

Machine type is 18F24K40

Call graph: (short form)




                Name                               Link     Load   Length Selector   Space Scale
C:\Users\sleep\AppData\Local\Temp\sdgg.o
                init                                1FA      1FA        4        4       0
                reset_vec                             0        0        4        0       0
                idloc                            200000   200000       10   200000       0
                config                           300000   300000        C   300000       0
dist/default/production\Firmware.production.o
                intcode                               8        8      1F2        4       0
                temp                                  F        F        1        1       1
                text5                               2A4      2A4       20        4       0
                text4                               284      284       20        4       0
                text3                               2E4      2E4        E        4       0
                text2                               2C4      2C4       12        4       0
                text1                               2D6      2D6        E        4       0
                text0                               1FE      1FE       4C        4       0
                cstackCOMRAM                          D        D        2        1       1
                dataCOMRAM                            8        8        5        1       1
                bssCOMRAM                             1        1        7        1       1
                cinit                               24A      24A       3A        4       0
                idataCOMRAM                         2F2      2F2        5        4       0

TOTAL           Name                               Link     Load   Length     Space
        CLASS   STACK          

        CLASS   CODE           
                intcode                               8        8      1F2         0
                init                                1FA      1FA        4         0
                reset_vec                             0        0        4         0
                text5                               2A4      2A4       20         0
                text4                               284      284       20         0
                text3                               2E4      2E4        E         0
                text2                               2C4      2C4       12         0
                text1                               2D6      2D6        E         0
                text0                               1FE      1FE       4C         0
                cinit                               24A      24A       3A         0
                idataCOMRAM                         2F2      2F2        5         0

        CLASS   CONST          

        CLASS   SMALLCONST     

        CLASS   MEDIUMCONST    

        CLASS   COMRAM         
                temp                                  F        F        1         1
                cstackCOMRAM                          D        D        2         1
                dataCOMRAM                            8        8        5         1
                bssCOMRAM                             1        1        7         1

        CLASS   ABS1           

        CLASS   BIGRAM         

        CLASS   RAM            

        CLASS   BANK0          

        CLASS   BANK1          

        CLASS   BANK2          

        CLASS   BANK3          

        CLASS   SFR            

        CLASS   FARRAM         

        CLASS   CONFIG         
                config                           300000   300000        C         0

        CLASS   IDLOC          
                idloc                            200000   200000       10         0

        CLASS   EEDATA         



SEGMENTS        Name                           Load    Length   Top    Selector   Space  Class

                reset_vec                      000000  000004  000004         0       0  CODE    
                bssCOMRAM                      000001  00000F  000010         1       1  COMRAM  
                intcode                        000008  0002EF  0002F7         4       0  CODE    
                idloc                          200000  000010  200010    200000       0  IDLOC   
                config                         300000  00000C  30000C    300000       0  CONFIG  


UNUSED ADDRESS RANGES

        Name                Unused          Largest block    Delta
        BANK0            000060-0000FF               A0
        BANK1            000100-0001FF              100
        BANK2            000200-0002FF              100
        BANK3            000300-0003FF              100
        BIGRAM           000010-0003FF              3F0
        CODE             000004-000007                4
                         0002F7-003FFF             3D09
        COMRAM           000010-00005F               50
        CONST            000004-000007                4
                         0002F7-003FFF             3D09
        EEDATA           310000-3100FF              100
        MEDIUMCONST      000400-003FFF             3C00
        RAM              000060-0003FF              100
        SFR              000EA0-000FFF               60
        SMALLCONST       000400-003FFF              100
        STACK            000060-0003FF              3A0

                                  Symbol Table

_BRGH                            (abs)        007CF2
_CREN                            (abs)        007CEC
_FERR                            (abs)        007CEA
_GIE                             (abs)        007F97
_INTCONbits                      (abs)        000FF2
_NVMADRL                         (abs)        000F7E
_NVMCON1bits                     (abs)        000F81
_NVMCON2                         (abs)        000F82
_NVMDAT                          (abs)        000F80
_OERR                            (abs)        007CE9
_PEIE                            (abs)        007F96
_PR2                             (abs)        000FBC
_RA0                             (abs)        007C68
_RA1                             (abs)        007C69
_RA2                             (abs)        007C6A
_RA3                             (abs)        007C6B
_RB0                             (abs)        007C70
_RB5                             (abs)        007C75
_RCIF                            (abs)        00766D
_RCREG                           (abs)        000F99
_SPBRG                           (abs)        000F9B
_SPEN                            (abs)        007CEF
_T2CON                           (abs)        000FBD
_TMR2IE                          (abs)        007631
_TMR2IF                          (abs)        007671
_TMR2ON                          (abs)        007DEF
_TRISA0                          (abs)        007C40
_TRISA1                          (abs)        007C41
_TRISA2                          (abs)        007C42
_TRISA3                          (abs)        007C43
_TRISB0                          (abs)        007C48
_TRISB1                          (abs)        007C49
_TRISB3                          (abs)        007C4B
__CFG_BOREN$SBORDIS              (abs)        000000
__CFG_BORV$VBOR_285              (abs)        000000
__CFG_CLKOUTEN$OFF               (abs)        000000
__CFG_CP$ON                      (abs)        000000
__CFG_CPD$ON                     (abs)        000000
__CFG_CSWEN$OFF                  (abs)        000000
__CFG_DEBUG$OFF                  (abs)        000000
__CFG_EBTR0$ON                   (abs)        000000
__CFG_EBTR1$ON                   (abs)        000000
__CFG_EBTRB$ON                   (abs)        000000
__CFG_FCMEN$ON                   (abs)        000000
__CFG_FEXTOSC$OFF                (abs)        000000
__CFG_LPBOREN$OFF                (abs)        000000
__CFG_LVP$OFF                    (abs)        000000
__CFG_MCLRE$INTMCLR              (abs)        000000
__CFG_PPS1WAY$ON                 (abs)        000000
__CFG_PWRTE$ON                   (abs)        000000
__CFG_RSTOSC$HFINTOSC_64MHZ      (abs)        000000
__CFG_SCANE$ON                   (abs)        000000
__CFG_STVREN$ON                  (abs)        000000
__CFG_WDTCCS$SC                  (abs)        000000
__CFG_WDTCPS$WDTCPS_31           (abs)        000000
__CFG_WDTCWS$WDTCWS_7            (abs)        000000
__CFG_WDTE$OFF                   (abs)        000000
__CFG_WRT0$ON                    (abs)        000000
__CFG_WRT1$ON                    (abs)        000000
__CFG_WRTB$ON                    (abs)        000000
__CFG_WRTC$ON                    (abs)        000000
__CFG_WRTD$ON                    (abs)        000000
__CFG_XINST$OFF                  (abs)        000000
__CFG_ZCD$OFF                    (abs)        000000
__HRAM                           (abs)        000000
__Habs1                          abs1         000000
__Hbank0                         bank0        000000
__Hbank1                         bank1        000000
__Hbank2                         bank2        000000
__Hbank3                         bank3        000000
__Hbigbss                        bigbss       000000
__Hbigdata                       bigdata      000000
__Hbigram                        bigram       000000
__Hbss                           bss          000000
__HbssCOMRAM                     bssCOMRAM    000000
__Hcinit                         cinit        000000
__Hclrtext                       clrtext      000000
__Hcomram                        comram       000000
__Hconfig                        config       30000C
__Hconst                         const        000000
__HcstackCOMRAM                  cstackCOMRAM 000000
__Hdata                          data         000000
__HdataCOMRAM                    dataCOMRAM   000000
__Heeprom_data                   eeprom_data  000000
__Hfarbss                        farbss       000000
__Hfardata                       fardata      000000
__Hibigdata                      ibigdata     000000
__Hidata                         idata        000000
__HidataCOMRAM                   idataCOMRAM  000000
__Hidloc                         idloc        200010
__Hifardata                      ifardata     000000
__Hinit                          init         0001FE
__Hintcode                       intcode      0001FA
__Hintcode_body                  intcode_body 000000
__Hintcodelo                     intcodelo    0001FA
__Hintentry                      intentry     000000
__Hintret                        intret       000000
__Hintsave_regs                  intsave_regs 000000
__Hirdata                        irdata       000000
__Hmediumconst                   mediumconst  000000
__HnvFARRAM                      nvFARRAM     000000
__Hnvbit                         nvbit        000000
__Hnvrram                        nvrram       000000
__Hparam                         rparam       000000
__Hpowerup                       powerup      0001FA
__Hram                           ram          000000
__Hramtop                        ramtop       000400
__Hrbit                          rbit         000000
__Hrbss                          rbss         000000
__Hrdata                         rdata        000000
__Hreset_vec                     reset_vec    000004
__Hrparam                        rparam       000000
__Hsfr                           sfr          000000
__Hsmallconst                    smallconst   000000
__Hspace_0                       (abs)        30000C
__Hspace_1                       (abs)        000010
__Hspace_2                       (abs)        000000
__Hstack                         stack        000000
__Hstruct                        struct       000000
__Htemp                          temp         000010
__Htext                          text         000000
__Htext0                         text0        000000
__Htext1                         text1        000000
__Htext2                         text2        000000
__Htext3                         text3        000000
__Htext4                         text4        000000
__Htext5                         text5        000000
__LRAM                           (abs)        000001
__Labs1                          abs1         000000
__Lbank0                         bank0        000000
__Lbank1                         bank1        000000
__Lbank2                         bank2        000000
__Lbank3                         bank3        000000
__Lbigbss                        bigbss       000000
__Lbigdata                       bigdata      000000
__Lbigram                        bigram       000000
__Lbss                           bss          000000
__LbssCOMRAM                     bssCOMRAM    000000
__Lcinit                         cinit        000000
__Lclrtext                       clrtext      000000
__Lcomram                        comram       000000
__Lconfig                        config       300000
__Lconst                         const        000000
__LcstackCOMRAM                  cstackCOMRAM 000000
__Ldata                          data         000000
__LdataCOMRAM                    dataCOMRAM   000000
__Leeprom_data                   eeprom_data  000000
__Lfarbss                        farbss       000000
__Lfardata                       fardata      000000
__Libigdata                      ibigdata     000000
__Lidata                         idata        000000
__LidataCOMRAM                   idataCOMRAM  000000
__Lidloc                         idloc        200000
__Lifardata                      ifardata     000000
__Linit                          init         0001FA
__Lintcode                       intcode      000008
__Lintcode_body                  intcode_body 000000
__Lintcodelo                     intcodelo    0001FA
__Lintentry                      intentry     000000
__Lintret                        intret       000000
__Lintsave_regs                  intsave_regs 000000
__Lirdata                        irdata       000000
__Lmediumconst                   mediumconst  000000
__LnvFARRAM                      nvFARRAM     000000
__Lnvbit                         nvbit        000000
__Lnvrram                        nvrram       000000
__Lparam                         rparam       000000
__Lpowerup                       powerup      0001FA
__Lram                           ram          000000
__Lramtop                        ramtop       000400
__Lrbit                          rbit         000000
__Lrbss                          rbss         000000
__Lrdata                         rdata        000000
__Lreset_vec                     reset_vec    000000
__Lrparam                        rparam       000000
__Lsfr                           sfr          000000
__Lsmallconst                    smallconst   000000
__Lspace_0                       (abs)        000000
__Lspace_1                       (abs)        000000
__Lspace_2                       (abs)        000000
__Lstack                         stack        000000
__Lstruct                        struct       000000
__Ltemp                          temp         00000F
__Ltext                          text         000000
__Ltext0                         text0        000000
__Ltext1                         text1        000000
__Ltext2                         text2        000000
__Ltext3                         text3        000000
__Ltext4                         text4        000000
__Ltext5                         text5        000000
__S0                             (abs)        30000C
__S1                             (abs)        000010
__S2                             (abs)        000000
___inthi_sp                      stack        000000
___intlo_sp                      stack        000000
___param_bank                    (abs)        000000
___rparam_used                   (abs)        000001
___sp                            stack        000000
__accesstop                      (abs)        000060
__activetblptr                   (abs)        000002
__end_of__initialization         cinit        000276
__end_of_clearFramingError       text5        0002C4
__end_of_clearOverrunError       text4        0002A4
__end_of_initServos              text3        0002F2
__end_of_initTMR2                text2        0002D6
__end_of_initUSART               text1        0002E4
__end_of_isr                     intcode      0001FA
__end_of_main                    text0        00024A
__initialization                 cinit        00024A
__mediumconst                    mediumconst  000000
__pbssCOMRAM                     bssCOMRAM    000001
__pcinit                         cinit        00024A
__pcstackCOMRAM                  cstackCOMRAM 00000D
__pdataCOMRAM                    dataCOMRAM   000008
__pidataCOMRAM                   idataCOMRAM  0002F2
__pintcode                       intcode      000008
__ptext0                         text0        0001FE
__ptext1                         text1        0002D6
__ptext2                         text2        0002C4
__ptext3                         text3        0002E4
__ptext4                         text4        000284
__ptext5                         text5        0002A4
__ramtop                         ramtop       000400
__size_of_clearFramingError      (abs)        000000
__size_of_clearOverrunError      (abs)        000000
__size_of_initServos             (abs)        000000
__size_of_initTMR2               (abs)        000000
__size_of_initUSART              (abs)        000000
__size_of_isr                    (abs)        000000
__size_of_main                   (abs)        000000
__smallconst                     smallconst   000000
_clearFramingError               text5        0002A4
_clearOverrunError               text4        000284
_eyebrowSawtoothThreshold        dataCOMRAM   00000C
_eyelidsSawtoothThreshold        dataCOMRAM   000008
_initServos                      text3        0002E4
_initTMR2                        text2        0002C4
_initUSART                       text1        0002D6
_isr                             intcode      000008
_leftLipCornerSawtoothThreshold  dataCOMRAM   00000B
_lowerJawSawtoothThreshold       dataCOMRAM   000009
_main                            text0        0001FE
_partMidiNote                    bssCOMRAM    000005
_receiveCounter                  bssCOMRAM    000003
_rightLipCornerSawtoothThreshold dataCOMRAM   00000A
_sawtoothCounter                 bssCOMRAM    000002
_velocity                        bssCOMRAM    000004
btemp                            temp         00000F
clearFramingError@temp           bssCOMRAM    000006
clearOverrunError@temp           bssCOMRAM    000007
end_of_initialization            cinit        000276
int$flags                        temp         00000F
intlevel0                        text         000000
intlevel1                        text         000000
intlevel2                        text         000000
intlevel3                        text         000000
saveSetting@EEPROMValue          bssCOMRAM    000001
stackhi                          (abs)        0003FF
stacklo                          (abs)        000060
start                            init         0001FA
start_initialization             cinit        00024A
ttemp5                           temp         000010
ttemp6                           temp         000013
ttemp7                           temp         000017
wtemp8                           temp         000010


FUNCTION INFORMATION:

 *************** function _main *****************
 Defined at:
		line 103 in file "JimFirmware.c"
 Parameters:    Size  Location     Type
		None
 Auto vars:     Size  Location     Type
		None
 Return value:  Size  Location     Type
                  1    wreg      void 
 Registers used:
		wreg, status,2, cstack
 Tracked objects:
		On entry : 
		On exit  : 
		Unchanged: 
 Data sizes:     COMRAM   BANK0   BANK1   BANK3   BANK2
      Params:         0       0       0       0       0
      Locals:         0       0       0       0       0
      Temps:          0       0       0       0       0
      Totals:         0       0       0       0       0
Total ram usage:        0 bytes
 Hardware stack levels required when called:    2
 This function calls:
		_clearFramingError
		_clearOverrunError
		_initServos
		_initTMR2
		_initUSART
 This function is called by:
		Startup code after reset
 This function uses a non-reentrant model


 *************** function _initUSART *****************
 Defined at:
		line 52 in file "./usart.h"
 Parameters:    Size  Location     Type
		None
 Auto vars:     Size  Location     Type
		None
 Return value:  Size  Location     Type
                  1    wreg      void 
 Registers used:
		wreg, status,2
 Tracked objects:
		On entry : 
		On exit  : 
		Unchanged: 
 Data sizes:     COMRAM   BANK0   BANK1   BANK3   BANK2
      Params:         0       0       0       0       0
      Locals:         0       0       0       0       0
      Temps:          0       0       0       0       0
      Totals:         0       0       0       0       0
Total ram usage:        0 bytes
 Hardware stack levels used:    1
 Hardware stack levels required when called:    1
 This function calls:
		Nothing
 This function is called by:
		_main
 This function uses a non-reentrant model


 *************** function _initTMR2 *****************
 Defined at:
		line 44 in file "./tmr2.h"
 Parameters:    Size  Location     Type
		None
 Auto vars:     Size  Location     Type
		None
 Return value:  Size  Location     Type
                  1    wreg      void 
 Registers used:
		wreg, status,2
 Tracked objects:
		On entry : 
		On exit  : 
		Unchanged: 
 Data sizes:     COMRAM   BANK0   BANK1   BANK3   BANK2
      Params:         0       0       0       0       0
      Locals:         0       0       0       0       0
      Temps:          0       0       0       0       0
      Totals:         0       0       0       0       0
Total ram usage:        0 bytes
 Hardware stack levels used:    1
 Hardware stack levels required when called:    1
 This function calls:
		Nothing
 This function is called by:
		_main
 This function uses a non-reentrant model


 *************** function _initServos *****************
 Defined at:
		line 98 in file "./ServoController.h"
 Parameters:    Size  Location     Type
		None
 Auto vars:     Size  Location     Type
		None
 Return value:  Size  Location     Type
                  1    wreg      void 
 Registers used:
		None
 Tracked objects:
		On entry : 
		On exit  : 
		Unchanged: 
 Data sizes:     COMRAM   BANK0   BANK1   BANK3   BANK2
      Params:         0       0       0       0       0
      Locals:         0       0       0       0       0
      Temps:          0       0       0       0       0
      Totals:         0       0       0       0       0
Total ram usage:        0 bytes
 Hardware stack levels used:    1
 Hardware stack levels required when called:    1
 This function calls:
		Nothing
 This function is called by:
		_main
 This function uses a non-reentrant model


 *************** function _clearOverrunError *****************
 Defined at:
		line 65 in file "./usart.h"
 Parameters:    Size  Location     Type
		None
 Auto vars:     Size  Location     Type
		None
 Return value:  Size  Location     Type
                  1    wreg      void 
 Registers used:
		None
 Tracked objects:
		On entry : 
		On exit  : 
		Unchanged: 
 Data sizes:     COMRAM   BANK0   BANK1   BANK3   BANK2
      Params:         0       0       0       0       0
      Locals:         0       0       0       0       0
      Temps:          0       0       0       0       0
      Totals:         0       0       0       0       0
Total ram usage:        0 bytes
 Hardware stack levels used:    1
 Hardware stack levels required when called:    1
 This function calls:
		Nothing
 This function is called by:
		_main
 This function uses a non-reentrant model


 *************** function _clearFramingError *****************
 Defined at:
		line 83 in file "./usart.h"
 Parameters:    Size  Location     Type
		None
 Auto vars:     Size  Location     Type
		None
 Return value:  Size  Location     Type
                  1    wreg      void 
 Registers used:
		None
 Tracked objects:
		On entry : 
		On exit  : 
		Unchanged: 
 Data sizes:     COMRAM   BANK0   BANK1   BANK3   BANK2
      Params:         0       0       0       0       0
      Locals:         0       0       0       0       0
      Temps:          0       0       0       0       0
      Totals:         0       0       0       0       0
Total ram usage:        0 bytes
 Hardware stack levels used:    1
 Hardware stack levels required when called:    1
 This function calls:
		Nothing
 This function is called by:
		_main
 This function uses a non-reentrant model


 *************** function _isr *****************
 Defined at:
		line 49 in file "JimFirmware.c"
 Parameters:    Size  Location     Type
		None
 Auto vars:     Size  Location     Type
		None
 Return value:  Size  Location     Type
                  1    wreg      void 
 Registers used:
		wreg, status,2, status,0
 Tracked objects:
		On entry : 
		On exit  : 
		Unchanged: 
 Data sizes:     COMRAM   BANK0   BANK1   BANK3   BANK2
      Params:         0       0       0       0       0
      Locals:         0       0       0       0       0
      Temps:          2       0       0       0       0
      Totals:         2       0       0       0       0
Total ram usage:        2 bytes
 Hardware stack levels used:    1
 This function calls:
		Nothing
 This function is called by:
		Interrupt level 2
 This function uses a non-reentrant model



MODULE INFORMATION

Module		Function		Class		Link	Load	Size
JimFirmware.c
		_main          		CODE           	01FE	0000	77
		_isr           		CODE           	0008	0000	499

JimFirmware.c estimated size: 576

shared
		__initialization		CODE           	024A	0000	45

shared estimated size: 45

./ServoController.h
		_initServos    		CODE           	02E4	0000	15

./ServoController.h estimated size: 15

./tmr2.h
		_initTMR2      		CODE           	02C4	0000	19

./tmr2.h estimated size: 19

./usart.h
		_clearOverrunError		CODE           	0284	0000	33
		_clearFramingError		CODE           	02A4	0000	33
		_initUSART     		CODE           	02D6	0000	15

./usart.h estimated size: 81

